--------- beginning of main
07-17 16:35:22.150 I/adbd    ( 1332): adbd service requested 'shell,v2,TERM=xterm-256color,raw:am start -n com.metalp3.mobile/.MainActivity'
--------- beginning of system
07-17 16:35:22.375 W/ActivityTaskManager( 1593): callingPackage for (uid=2000, pid=16322) has no WPC
07-17 16:35:22.378 V/GrammaticalInflectionUtils( 1593): AttributionSource: android.content.AttributionSource@3f19cd67 does not have READ_SYSTEM_GRAMMATICAL_GENDER permission.
07-17 16:35:22.391 I/libbinder.BpBinder(  495): onLastStrongRef automatically unlinking death recipients for binder (0xb400007ae8673d00) with descriptor: '(not cached)'
07-17 16:35:22.391 D/RecentsView( 9123): onTaskDisplayChanged: 11898, new displayId = 0
07-17 16:35:22.393 D/CorePackageUpdate( 1593): onRecentTaskRemoved Removing task: 11897
07-17 16:35:22.393 D/CorePackageUpdate( 1593): Couldn't find a persistent state for task= 11897
07-17 16:35:22.394 V/ActivityTaskManager( 1593): TaskLaunchParamsModifier: phase=3 task=Task{d9a516b #11898 type=standard A=10481:com.metalp3.mobile} activity=ActivityRecord{57278138 u0 com.metalp3.mobile/.MainActivity t-1} display-from-task=0 display-id=0 task-display-area-windowing-mode=1 suggested-display-area=DefaultTaskDisplayArea@193982470 inherit-from-task=fullscreen non-freeform-task-display-area display-area=DefaultTaskDisplayArea@193982470 skip-bounds-fullscreen
07-17 16:35:22.394 I/ActivityTaskManager( 1593): START u0 {flg=0x10000000 xflg=0x5 cmp=com.metalp3.mobile/.MainActivity} with LAUNCH_SINGLE_TASK from uid 2000 (com.android.shell) (BAL_ALLOW_PERMISSION) result code=0
07-17 16:35:22.394 V/WindowManagerShell( 2713): Transition requested (#2087): android.os.BinderProxy@b5b2981 TransitionRequestInfo { type = OPEN, triggerTask = TaskInfo{userId=0 taskId=11898 effectiveUid=10481 displayId=0 isRunning=true baseIntent=Intent { flg=0x10000000 cmp=com.metalp3.mobile/.MainActivity } baseActivity=ComponentInfo{com.metalp3.mobile/com.metalp3.mobile.MainActivity} topActivity=ComponentInfo{com.metalp3.mobile/com.metalp3.mobile.MainActivity} origActivity=null realActivity=ComponentInfo{com.metalp3.mobile/com.metalp3.mobile.MainActivity} realActivityIsAppLockEnabled=false numActivities=1 lastActiveTime=184682975 supportsMultiWindow=true supportsMultiWindowWithoutConstraints=true resizeMode=1 isResizeable=true minWidth=-1 minHeight=-1 defaultMinSize=220 token=WCT{android.os.BinderProxy@73c2a26} topActivityType=1 pictureInPictureParams=null shouldDockBigOverlays=false launchIntoPipHostTaskId=-1 lastParentTaskIdBeforePip=-1 displayCutoutSafeInsets=Rect(0, 172 - 0, 0) topActivityInfo=ActivityInfo{8d9b667 com.metalp3.mobile.MainActivity} launchCookies=[] positionInParent=Point(0, 0) parentTaskId=-1 isFocused=false isInteractive=false isVisible=false isVisibleRequested=false isTopActivityNoDisplay=false isSleeping=false locusId=null displayAreaFeatureId=1 isTopActivityTransparent=false isActivityStackTransparent=false lastNonFullscreenBounds=null leafTaskBoundsFromOptions= false capturedLink=null capturedLinkTimestamp=0 requestedVisibleTypes=503 topActivityRequestOpenInBrowserEducationTimestamp=0 appCompatTaskInfo=AppCompatTaskInfo { topActivityInSizeCompat=false isLeafTask= true eligibleForLetterboxEducation= false isLetterboxEducationEnabled= false isLetterboxDoubleTapEnabled= false eligibleForUserAspectRatioButton= false topActivityBoundsLetterboxed= false isFromLetterboxDoubleTap= false topActivityLetterboxVerticalPosition= -1 topActivityLetterboxHorizontalPosition= -1 topActivityLetterboxWidth=-1 topActivityLetterboxHeight=-1 topActivityAppBounds=Rect(0, 0 - 1080, 2410) isUserFullscreenOverrideEnabled=false isSystemFullscreenOverrideEnabled=false hasMinAspectRatioOverride=false topActivityLetterboxBounds=null topNonResizableActivityAspectRatio=-1.0} topActivityMainWindowFrame=null isAppBubble=false}, pipChange = null, remoteTransitionInfo = null, displayChanges = null, requestedLocation = null, userChange = null, windowingLayerChange = null, fullscreenRequestChange = null, flags = 0, debugId = 2087 }
07-17 16:35:22.394 W/DisconnectHandler( 2713): No disconnect change found in the transition, not handling request.
07-17 16:35:22.394 V/ShellDesktopMode( 2713): DesktopTasksController: skipping handleRequest reason=triggerTask's display doesn't support desktop mode
07-17 16:35:22.394 D/ShellSplitScreen( 2713): logExit: no-op, mLoggerSessionId is null
07-17 16:35:22.395 D/BaseActivity( 9123): Launcher flags updated: [state_started|state_resumed|state_deferred_resumed|state_window_focused|state_user_active] -[]
07-17 16:35:22.395 D/BaseActivity( 9123): Launcher flags updated: [state_started|state_resumed|state_deferred_resumed|state_window_focused] -[state_user_active]
07-17 16:35:22.395 D/BaseActivity( 9123): Launcher flags updated: [state_started|state_window_focused] -[state_resumed|state_deferred_resumed]
07-17 16:35:22.396 W/SplitSelectStateCtor( 9123): Missing session instanceIds
07-17 16:35:22.396 D/StatsLog( 9123): LAUNCHER_SPLIT_SELECTION_EXIT_INTERRUPTED
07-17 16:35:22.396 D/WindowManagerShell( 2713): setLauncherKeepClearAreaHeight: visible=false, height=472
07-17 16:35:22.397 V/WindowManager( 1593): Defer transition id=2087 for TaskFragmentTransaction=android.os.Binder@a294c86
07-17 16:35:22.398 V/WindowManager( 1593): Continue transition id=2087 for TaskFragmentTransaction=android.os.Binder@a294c86
07-17 16:35:22.399 W/InputChannel-JNI( 1593): Channel already disposed.
07-17 16:35:22.399 V/GrammaticalInflectionUtils( 1593): AttributionSource: android.content.AttributionSource@3f19cd67 does not have READ_SYSTEM_GRAMMATICAL_GENDER permission.
07-17 16:35:22.399 V/RecentTasksController( 2713): Notify recent tasks changed
07-17 16:35:22.399 D/RecentTasksList( 9123): invalidateLoadedTasks - previous requestLoadId: -1
07-17 16:35:22.400 D/ShellDesktopMode( 2713): DesktopRepository(0): Removes freeform task: taskId=11897
07-17 16:35:22.400 W/ShellDesktopMode( 2713): DesktopRepository(0): No display id found for task: taskId=11897
07-17 16:35:22.400 V/RecentTasksController( 2713): Notify recent tasks changed
07-17 16:35:22.400 D/RecentTasksList( 9123): invalidateLoadedTasks - previous requestLoadId: -1
07-17 16:35:22.401 W/libbinder.IPCThreadState( 1202): Sending oneway calls to frozen process.
07-17 16:35:22.401 W/libbinder.IPCThreadState( 1202): Sending oneway calls to frozen process.
07-17 16:35:22.401 W/libbinder.IPCThreadState( 1202): Sending oneway calls to frozen process.
07-17 16:35:22.401 W/libbinder.IPCThreadState( 1202): Sending oneway calls to frozen process.
07-17 16:35:22.401 W/libbinder.IPCThreadState( 1202): Sending oneway calls to frozen process.
07-17 16:35:22.401 W/libbinder.IPCThreadState( 1202): Sending oneway calls to frozen process.
07-17 16:35:22.401 W/libbinder.IPCThreadState( 1202): Sending oneway calls to frozen process.
07-17 16:35:22.401 W/libbinder.IPCThreadState( 1202): Sending oneway calls to frozen process.
07-17 16:35:22.401 W/libbinder.IPCThreadState( 1202): Sending oneway calls to frozen process.
07-17 16:35:22.401 I/DisplayDeviceRepository( 1593): Display device changed render timings: "Built-in Screen", renderFrameRate=120.00001, presentationDeadlineNanos=11500000, appVsyncOffsetNanos=6233332, frameRateOverrides=[{uid=10243 frameRateHz=120.00001}, {uid=10260 frameRateHz=120.00001}, {uid=10448 frameRateHz=120.00001}, {uid=10452 frameRateHz=120.00001}]
07-17 16:35:22.403 D/BaseActivity( 9123): Launcher flags updated: [state_started] -[state_window_focused]
07-17 16:35:22.411 D/Zygote  (  930): Forked child process 16325
07-17 16:35:22.411 I/ActivityManager( 1593): Start proc 16325:com.metalp3.mobile/u0a481 for next-top-activity {com.metalp3.mobile/com.metalp3.mobile.MainActivity}
07-17 16:35:22.413 D/WindowOnBackDispatcher( 2713): setTopOnBackInvokedCallback (unwrapped): android.view.ViewRootImpl$$ExternalSyntheticLambda14@7d66f2d
07-17 16:35:22.413 D/CoreBackPreview( 1593): Window{f3dab12 u0 Splash Screen com.metalp3.mobile}: Setting back callback OnBackInvokedCallbackInfo{mCallback=android.window.IOnBackInvokedCallback$Stub$Proxy@fc7665e, mPriority=0, mIsAnimationCallback=false, mOverrideBehavior=0}
07-17 16:35:22.413 D/WindowManager( 1593): setClientSurface Surface(name=VRI-Splash Screen com.metalp3.mobile#14553)/@0x3cb6a3f for f3dab12 Splash Screen com.metalp3.mobile
07-17 16:35:22.414 I/libprocessgroup(16325): Created cgroup /sys/fs/cgroup/apps/uid_10481/pid_16325
07-17 16:35:22.414 I/Surface ( 2713): Creating surface for consumer unnamed-2713-836 with slotExpansion=1 for 64 slots
07-17 16:35:22.414 I/Surface ( 2713): Creating surface for consumer VRI[mobile]#672(BLAST Consumer)672 with slotExpansion=1 for 64 slots
07-17 16:35:22.419 I/Zygote  (16325): Process 16325 created for com.metalp3.mobile
07-17 16:35:22.419 I/.metalp3.mobile(16325): Using generational CollectorTypeCMC GC.
07-17 16:35:22.420 V/WindowManager( 1593): Sent Transition (#2087) createdAt=07-17 16:35:22.380 via request=TransitionRequestInfo { type = OPEN, triggerTask = TaskInfo{userId=0 taskId=11898 effectiveUid=10481 displayId=0 isRunning=true baseIntent=Intent { flg=0x10000000 cmp=com.metalp3.mobile/.MainActivity } baseActivity=ComponentInfo{com.metalp3.mobile/com.metalp3.mobile.MainActivity} topActivity=ComponentInfo{com.metalp3.mobile/com.metalp3.mobile.MainActivity} origActivity=null realActivity=ComponentInfo{com.metalp3.mobile/com.metalp3.mobile.MainActivity} realActivityIsAppLockEnabled=false numActivities=1 lastActiveTime=184682975 supportsMultiWindow=true supportsMultiWindowWithoutConstraints=true resizeMode=1 isResizeable=true minWidth=-1 minHeight=-1 defaultMinSize=220 token=WCT{RemoteToken{89f8a6a Task{d9a516b #11898 type=standard A=10481:com.metalp3.mobile}}} topActivityType=1 pictureInPictureParams=null shouldDockBigOverlays=false launchIntoPipHostTaskId=-1 lastParentTaskIdBeforePip=-1 displayCutoutSafeInsets=Rect(0, 172 - 0, 0) topActivityInfo=ActivityInfo{166b5b com.metalp3.mobile.MainActivity} launchCookies=[] positionInParent=Point(0, 0) parentTaskId=-1 isFocused=false isInteractive=false isVisible=false isVisibleRequested=false isTopActivityNoDisplay=false isSleeping=false locusId=null displayAreaFeatureId=1 isTopActivityTransparent=false isActivityStackTransparent=false lastNonFullscreenBounds=null leafTaskBoundsFromOptions= false capturedLink=null capturedLinkTimestamp=0 requestedVisibleTypes=503 topActivityRequestOpenInBrowserEducationTimestamp=0 appCompatTaskInfo=AppCompatTaskInfo { topActivityInSizeCompat=false isLeafTask= true eligibleForLetterboxEducation= false isLetterboxEducationEnabled= false isLetterboxDoubleTapEnabled= false eligibleForUserAspectRatioButton= false topActivityBoundsLetterboxed= false isFromLetterboxDoubleTap= false topActivityLetterboxVerticalPosition= -1 topActivityLetterboxHorizontalPosition= -1 topActivityLetterboxWidth=-1 topActivityLetterboxHeight=-1 topActivityAppBounds=Rect(0, 0 - 1080, 2410) isUserFullscreenOverrideEnabled=false isSystemFullscreenOverrideEnabled=false hasMinAspectRatioOverride=false topActivityLetterboxBounds=null topNonResizableActivityAspectRatio=-1.0} topActivityMainWindowFrame=null isAppBubble=false}, pipChange = null, remoteTransitionInfo = null, displayChanges = null, requestedLocation = null, userChange = null, windowingLayerChange = null, fullscreenRequestChange = null, flags = 0, debugId = 2087 }
07-17 16:35:22.420 V/WindowManager( 1593):     startWCT=WindowContainerTransaction { changes= {} hops= [] flags= 0 errorCallbackToken=null taskFragmentOrganizer=null }
07-17 16:35:22.420 V/WindowManager( 1593):     info={id=2087 t=OPEN f=0x0 trk=0 r=[0@Point(0, 0)] c=[
07-17 16:35:22.420 V/WindowManager( 1593):         {WCT{RemoteToken{89f8a6a Task{d9a516b #11898 type=standard A=10481:com.metalp3.mobile}}} m=OPEN f=MOVE_TO_TOP|FLAG_CHANGED_INTERACTIVE leash=Surface(name=Task=11898#14550)/@0x3b59f0c sb=Rect(0, 0 - 1080, 2410) eb=Rect(0, 0 - 1080, 2410) epz=Point(1080, 2410) d=0 taskParent=-1 winMode=1 userId=0},
07-17 16:35:22.420 V/WindowManager( 1593):         {WCT{RemoteToken{c1c5985 Task{2a36d09 #1 type=home}}} m=TO_BACK f=SHOW_WALLPAPER|FLAG_CHANGED_INTERACTIVE leash=Surface(name=Task=1#35)/@0x6fe3ef sb=Rect(0, 0 - 1080, 2410) eb=Rect(0, 0 - 1080, 2410) epz=Point(1080, 2410) d=0 taskParent=-1 winMode=1 userId=0},
07-17 16:35:22.420 V/WindowManager( 1593):         {m=TO_BACK f=IS_WALLPAPER leash=Surface(name=WallpaperWindowToken{9016770}#111)/@0x68a4ab9 sb=Rect(0, 0 - 1080, 2410) eb=Rect(0, 0 - 1080, 2410) epz=Point(1080, 2410) d=0}
07-17 16:35:22.420 V/WindowManager( 1593):     ]}
07-17 16:35:22.421 V/WindowManagerShell( 2713): onTransitionReady(transaction=6841883213156)
07-17 16:35:22.421 V/WindowManagerShell( 2713): onTransitionReady (#2087) android.os.BinderProxy@b5b2981: {id=2087 t=OPEN f=0x0 trk=0 r=[0@Point(0, 0)] c=[
07-17 16:35:22.421 V/WindowManagerShell( 2713):         {m=OPEN f=MOVE_TO_TOP|FLAG_CHANGED_INTERACTIVE leash=Surface(name=Task=11898#14550)/@0xc877c61 sb=Rect(0, 0 - 1080, 2410) eb=Rect(0, 0 - 1080, 2410) epz=Point(1080, 2410) d=0 taskParent=-1 winMode=1 userId=0},
07-17 16:35:22.421 V/WindowManagerShell( 2713):         {m=TO_BACK f=SHOW_WALLPAPER|FLAG_CHANGED_INTERACTIVE leash=Surface(name=Task=1#35)/@0x19bb386 sb=Rect(0, 0 - 1080, 2410) eb=Rect(0, 0 - 1080, 2410) epz=Point(1080, 2410) d=0 taskParent=-1 winMode=1 userId=0},
07-17 16:35:22.421 V/WindowManagerShell( 2713):         {m=TO_BACK f=IS_WALLPAPER leash=Surface(name=WallpaperWindowToken{9016770}#111)/@0xfa27447 sb=Rect(0, 0 - 1080, 2410) eb=Rect(0, 0 - 1080, 2410) epz=Point(1080, 2410) d=0}
07-17 16:35:22.421 V/WindowManagerShell( 2713):     ]}
07-17 16:35:22.421 V/WindowManagerShell( 2713): FocusTransitionObserver: Updating focus state for transition #2087
07-17 16:35:22.421 D/WindowManagerShell( 2713): FocusTransitionObserver: Task id=1 is already focused on displayId=0. Skip notifying.
07-17 16:35:22.421 D/WindowManagerShell( 2713): FocusTransitionObserver: Focus updated on displayId=0 to taskId=11898
07-17 16:35:22.421 V/WindowManagerShell( 2713): FocusTransitionObserver: Notifying local listeners of task focus change: taskId=11898, isFocusedOnDisplay=true, isFocusedGlobally=true
07-17 16:35:22.421 V/WindowManagerShell( 2713): FocusTransitionObserver: Notifying local listeners of task focus change: taskId=1, isFocusedOnDisplay=false, isFocusedGlobally=false
07-17 16:35:22.421 V/ShellDesktopMode( 2713): DesktopModeLogger: taskInfo map after processing changes 0
07-17 16:35:22.422 D/ShellDesktopMode( 2713): DesktopTaskChangeListener: onTaskMovingToBack for taskId=1, displayId=0 - desktop not supported
07-17 16:35:22.422 D/ShellDesktopMode( 2713): DesktopTaskChangeListener: onTaskOpening for taskId=11898, displayId=0 userId=0 currentUserId=0 parentTaskId=-1 isFreeform=false isActive=false isMinimized=false isPinned=false
07-17 16:35:22.422 D/ShellDesktopMode( 2713): DesktopTaskChangeListener: onTaskOpening for taskId=11898, displayId=0 - desktop not supported
07-17 16:35:22.422 V/WindowManagerShell( 2713): Playing animation for (#2087) android.os.BinderProxy@b5b2981@0
07-17 16:35:22.422 D/ShellSplitScreen( 2713): startAnimation: transition=2087 isSplitActive=false
07-17 16:35:22.422 V/ShellRecents( 2713): RecentsTransitionHandler.startAnimation: no controller found
07-17 16:35:22.422 V/ShellDesktopMode( 2713): DesktopMixedTransitionHandler: No pending desktop transition
07-17 16:35:22.422 V/WindowManagerShell( 2713): Transition doesn't have explicit remote, search filters for match for {id=2087 t=OPEN f=0x0 trk=0 r=[0@Point(0, 0)] c=[{m=OPEN f=MOVE_TO_TOP|FLAG_CHANGED_INTERACTIVE leash=Surface(name=Task=11898#14550)/@0xc877c61 sb=Rect(0, 0 - 1080, 2410) eb=Rect(0, 0 - 1080, 2410) epz=Point(1080, 2410) d=0 taskParent=-1 winMode=1 userId=0},{m=TO_BACK f=SHOW_WALLPAPER|FLAG_CHANGED_INTERACTIVE leash=Surface(name=Task=1#35)/@0x19bb386 sb=Rect(0, 0 - 1080, 2410) eb=Rect(0, 0 - 1080, 2410) epz=Point(1080, 2410) d=0 taskParent=-1 winMode=1 userId=0},{m=TO_BACK f=IS_WALLPAPER leash=Surface(name=WallpaperWindowToken{9016770}#111)/@0xfa27447 sb=Rect(0, 0 - 1080, 2410) eb=Rect(0, 0 - 1080, 2410) epz=Point(1080, 2410) d=0}]}
07-17 16:35:22.422 V/WindowManagerShell( 2713):  Checking filter Pair{{types=[] flags=0x0 notFlags=0x0 checks=[{atype=undefined independent=true modes=[CLOSE,TO_BACK] flags=IN_TASK_WITH_EMBEDDED_ACTIVITY mustBeTask=false order=ANY topActivity=null launchCookie=null taskFragmentToken=android.os.BinderProxy@22d375a windowingMode=undefined isCrossDisplayMove=false}]} RemoteTransition { remoteTransition = android.window.IRemoteTransition$Stub$Proxy@dba2d8b, appThread = android.app.IApplicationThread$Stub$Proxy@6a7ee68, debugName = overlayBackTransition, filter = {types=[] flags=0x0 notFlags=0x0 checks=[{atype=undefined independent=true modes=[CLOSE,TO_BACK] flags=IN_TASK_WITH_EMBEDDED_ACTIVITY mustBeTask=false order=ANY topActivity=null launchCookie=null taskFragmentToken=android.os.BinderProxy@22d375a windowingMode=undefined isCrossDisplayMove=false}]} }}
07-17 16:35:22.422 V/WindowManagerShell( 2713):  Checking filter Pair{{types=[] flags=0x0 notFlags=0x0 checks=[{atype=dream independent=true modes=[OPEN,TO_FRONT] flags=NONE mustBeTask=false order=ANY topActivity=null launchCookie=null windowingMode=undefined isCrossDisplayMove=false},{atype=home independent=true modes=[CLOSE,TO_BACK] flags=NONE mustBeTask=false order=ANY topActivity=null launchCookie=null windowingMode=undefined isCrossDisplayMove=false}]} RemoteTransition { remoteTransition = android.window.IRemoteTransition$Stub$Proxy@c946281, appThread = android.app.IApplicationThread$Stub$Proxy@1f76f26, debugName = LauncherToDream, filter = {types=[] flags=0x0 notFlags=0x0 checks=[{atype=dream independent=true modes=[OPEN,TO_FRONT] flags=NONE mustBeTask=false order=ANY topActivity=null launchCookie=null windowingMode=undefined isCrossDisplayMove=false},{atype=home independent=true modes=[CLOSE,TO_BACK] flags=NONE mustBeTask=false order=ANY topActivity=null launchCookie=null windowingMode=undefined isCrossDisplayMove=false}]} }}
07-17 16:35:22.422 V/WindowManagerShell( 2713):  Checking filter Pair{{types=[] flags=0x0 notFlags=0x0 checks=[{atype=standard independent=false modes=[CHANGE] flags=NONE mustBeTask=true order=ANY topActivity=null launchCookie=null windowingMode=undefined isCrossDisplayMove=true}]} RemoteTransition { remoteTransition = android.window.IRemoteTransition$Stub$Proxy@79c1767, appThread = android.app.IApplicationThread$Stub$Proxy@d418914, debugName = QuickstepDisplayMove, filter = {types=[] flags=0x0 notFlags=0x0 checks=[{atype=standard independent=false modes=[CHANGE] flags=NONE mustBeTask=true order=ANY topActivity=null launchCookie=null windowingMode=undefined isCrossDisplayMove=true}]} }}
07-17 16:35:22.422 V/WindowManagerShell( 2713):  Checking filter Pair{{types=[] flags=0x0 notFlags=0x100 checks=[{atype=home independent=true modes=[OPEN,TO_FRONT] flags=NONE mustBeTask=false order=ANY topActivity=ComponentInfo{com.google.android.apps.nexuslauncher/com.google.android.apps.nexuslauncher.NexusLauncherActivity} launchCookie=null windowingMode=undefined isCrossDisplayMove=false},{atype=standard independent=true modes=[CLOSE,TO_BACK] flags=NONE mustBeTask=false order=ANY topActivity=null launchCookie=null windowingMode=undefined isCrossDisplayMove=false},{NOT atype=undefined independent=true modes=[] flags=NONE mustBeTask=true order=ANY topActivity=null launchCookie=null customAnim=true windowingMode=undefined isCrossDisplayMove=false}]} RemoteTransition { remoteTransition = android.window.IRemoteTransition$Stub$Proxy@623a5bd, appThread = android.app.IApplicationThread$Stub$Proxy@6db57b2, debugName = QuickstepLaunchHome, filter = {types=[] flags=0x0 notFlags=0x100 checks=[{atype=home independent=true modes=[OPEN,TO_FRONT] flags=NONE mustBeTask=false order=ANY topActivity=ComponentInfo{com.google.android.apps.nexuslauncher/com.google.android.apps.nexuslauncher.NexusLauncherActivity} launchCookie=null windowingMode=undefined isCrossDisplayMove=false},{atype=standard independent=true modes=[CLOSE,TO_BACK] flags=NONE mustBeTask=false order=ANY topActivity=null launchCookie=null windowingMode=undefined isCrossDisplayMove=false},{NOT atype=undefined independent=true modes=[] flags=NONE mustBeTask=true order=ANY topActivity=null launchCookie=null customAnim=true windowingMode=undefined isCrossDisplayMove=false}]} }}
07-17 16:35:22.422 V/WindowManagerShell( 2713):  Checking filter Pair{{types=[OPEN,TO_FRONT] flags=0x0 notFlags=0x0 checks=[{atype=standard independent=true modes=[OPEN,TO_FRONT] flags=NONE mustBeTask=true order=ANY topActivity=null launchCookie=null windowingMode=freeform isCrossDisplayMove=false}]} RemoteTransition { remoteTransition = android.window.IRemoteTransition$Stub$Proxy@5c8c303, appThread = null, debugName = DesktopWindowLimitUnminimize, filter = {types=[OPEN,TO_FRONT] flags=0x0 notFlags=0x0 checks=[{atype=standard independent=true modes=[OPEN,TO_FRONT] flags=NONE mustBeTask=true order=ANY topActivity=null launchCookie=null windowingMode=freeform isCrossDisplayMove=false}]} }}
07-17 16:35:22.422 V/WindowManagerShell( 2713):  Delegate animation for (#2087) to null
07-17 16:35:22.422 V/WindowManagerShell( 2713): start default transition animation, info = {id=2087 t=OPEN f=0x0 trk=0 r=[0@Point(0, 0)] c=[{m=OPEN f=MOVE_TO_TOP|FLAG_CHANGED_INTERACTIVE leash=Surface(name=Task=11898#14550)/@0xc877c61 sb=Rect(0, 0 - 1080, 2410) eb=Rect(0, 0 - 1080, 2410) epz=Point(1080, 2410) d=0 taskParent=-1 winMode=1 userId=0},{m=TO_BACK f=SHOW_WALLPAPER|FLAG_CHANGED_INTERACTIVE leash=Surface(name=Task=1#35)/@0x19bb386 sb=Rect(0, 0 - 1080, 2410) eb=Rect(0, 0 - 1080, 2410) epz=Point(1080, 2410) d=0 taskParent=-1 winMode=1 userId=0},{m=TO_BACK f=IS_WALLPAPER leash=Surface(name=WallpaperWindowToken{9016770}#111)/@0xfa27447 sb=Rect(0, 0 - 1080, 2410) eb=Rect(0, 0 - 1080, 2410) epz=Point(1080, 2410) d=0}]}
07-17 16:35:22.422 V/WindowManagerShell( 2713): loadAnimation: anim=android.view.animation.AnimationSet@eaa5699 animAttr=0x13 type=OPEN isEntrance=false
07-17 16:35:22.422 V/WindowManagerShell( 2713): loadAnimation: anim=android.view.animation.AnimationSet@640c355 animAttr=0x12 type=OPEN isEntrance=true
07-17 16:35:22.423 V/WindowManagerShell( 2713):  animated by com.android.wm.shell.transition.DefaultTransitionHandler@3eeb38b
07-17 16:35:22.423 V/ShellTaskOrganizer( 2713): Task appeared taskId=11898 listener=FullscreenTaskListener
07-17 16:35:22.423 V/ShellTaskOrganizer( 2713): Fullscreen Task Appeared: #11898
07-17 16:35:22.423 D/ShellPackageUpdate( 2713): PackageUpdateController: Setting handlePackageUpdate for task: 11898
07-17 16:35:22.423 E/TransitionChain( 1593): Can't collect into a chain with no transition
07-17 16:35:22.423 D/nativeloader(16325): Load libframework-connectivity-tiramisu-jni.so using APEX ns com_android_tethering for caller /apex/com.android.tethering/javalib/framework-connectivity-t.jar: ok
07-17 16:35:22.423 V/RecentTasksController( 2713): Notify recent tasks changed
07-17 16:35:22.423 D/RecentTasksList( 9123): invalidateLoadedTasks - previous requestLoadId: -1
07-17 16:35:22.429 D/UidImportanceSource( 2902): onUidImportanceBlock: uid=10481 importance=100
07-17 16:35:22.429 D/UidImportanceSource( 2902): onUidImportanceBlock: packages=[com.metalp3.mobile] importance=100
07-17 16:35:22.429 D/UidImportanceSource( 2902): onUidImportanceBlock: packageName=com.metalp3.mobile importance=100
07-17 16:35:22.429 D/ImpulseStateSource( 2902): Notify clients: 13710
07-17 16:35:22.432 D/ApplicationLoaders(16325): Returning zygote-cached class loader: /system_ext/framework/androidx.window.extensions.jar
07-17 16:35:22.432 D/ApplicationLoaders(16325): Returning zygote-cached class loader: /system_ext/framework/androidx.window.sidecar.jar
07-17 16:35:22.433 D/nativeloader(16325): Configuring clns-9 for other apk /data/app/~~6UCibP_LI_1AeV4HiqS6Gg==/com.metalp3.mobile-NJv8Am4jI_tWNyFmykJdNw==/base.apk. target_sdk_version=36, uses_libraries=, library_path=/data/app/~~6UCibP_LI_1AeV4HiqS6Gg==/com.metalp3.mobile-NJv8Am4jI_tWNyFmykJdNw==/lib/arm64:/data/app/~~6UCibP_LI_1AeV4HiqS6Gg==/com.metalp3.mobile-NJv8Am4jI_tWNyFmykJdNw==/base.apk!/lib/arm64-v8a, permitted_path=/data:/mnt/expand:/data/user/0/com.metalp3.mobile
07-17 16:35:22.437 V/GraphicsEnvironment(16325): Currently set values for:
07-17 16:35:22.437 V/GraphicsEnvironment(16325):   angle_gl_driver_selection_pkgs=[com.android.angle]
07-17 16:35:22.437 V/GraphicsEnvironment(16325):   angle_gl_driver_selection_values=[angle]
07-17 16:35:22.437 V/GraphicsEnvironment(16325): com.metalp3.mobile is not listed in per-application setting
07-17 16:35:22.437 V/GraphicsEnvironment(16325): No special selections for ANGLE, returning default driver choice
07-17 16:35:22.438 V/GraphicsEnvironment(16325): Neither updatable production driver nor prerelease driver is supported.
07-17 16:35:22.444 W/SoLoader(16325): Initializing SoLoader: 0
07-17 16:35:22.444 W/SoLoader(16325): Recording new base apk path: /data/app/~~6UCibP_LI_1AeV4HiqS6Gg==/com.metalp3.mobile-NJv8Am4jI_tWNyFmykJdNw==/base.apk
07-17 16:35:22.444 W/SoLoader(16325): Previously recorded 0 base apk paths.
07-17 16:35:22.444 I/SoLoader(16325): Preparing SO source: DirectorySoSource[root = /vendor/lib64 flags = 2]
07-17 16:35:22.444 I/SoLoader(16325): Preparing SO source: DirectorySoSource[root = /system/lib64 flags = 2]
07-17 16:35:22.444 I/SoLoader(16325): Preparing SO source: DirectApkSoSource[root = [/data/app/~~6UCibP_LI_1AeV4HiqS6Gg==/com.metalp3.mobile-NJv8Am4jI_tWNyFmykJdNw==/base.apk!/lib/arm64-v8a]]
07-17 16:35:22.445 I/SoLoader(16325): Preparing SO source: ApplicationSoSource[DirectorySoSource[root = /data/app/~~6UCibP_LI_1AeV4HiqS6Gg==/com.metalp3.mobile-NJv8Am4jI_tWNyFmykJdNw==/lib/arm64 flags = 0]]
07-17 16:35:22.445 I/SoLoader(16325): init finish: 4 SO sources prepared
07-17 16:35:22.445 W/SoLoader(16325): SoLoader initialized: 8
07-17 16:35:22.448 D/nativeloader(16325): Load /data/app/~~6UCibP_LI_1AeV4HiqS6Gg==/com.metalp3.mobile-NJv8Am4jI_tWNyFmykJdNw==/base.apk!/lib/arm64-v8a/libc++_shared.so using class loader ns clns-9 (caller=/data/app/~~6UCibP_LI_1AeV4HiqS6Gg==/com.metalp3.mobile-NJv8Am4jI_tWNyFmykJdNw==/base.apk!classes3.dex): ok
07-17 16:35:22.450 D/nativeloader(16325): Load /data/app/~~6UCibP_LI_1AeV4HiqS6Gg==/com.metalp3.mobile-NJv8Am4jI_tWNyFmykJdNw==/base.apk!/lib/arm64-v8a/libjsi.so using class loader ns clns-9 (caller=/data/app/~~6UCibP_LI_1AeV4HiqS6Gg==/com.metalp3.mobile-NJv8Am4jI_tWNyFmykJdNw==/base.apk!classes3.dex): ok
07-17 16:35:22.451 D/nativeloader(16325): Load /data/app/~~6UCibP_LI_1AeV4HiqS6Gg==/com.metalp3.mobile-NJv8Am4jI_tWNyFmykJdNw==/base.apk!/lib/arm64-v8a/libfbjni.so using class loader ns clns-9 (caller=/data/app/~~6UCibP_LI_1AeV4HiqS6Gg==/com.metalp3.mobile-NJv8Am4jI_tWNyFmykJdNw==/base.apk!classes3.dex): ok
07-17 16:35:22.453 D/nativeloader(16325): Load /data/app/~~6UCibP_LI_1AeV4HiqS6Gg==/com.metalp3.mobile-NJv8Am4jI_tWNyFmykJdNw==/base.apk!/lib/arm64-v8a/libreactnative.so using class loader ns clns-9 (caller=/data/app/~~6UCibP_LI_1AeV4HiqS6Gg==/com.metalp3.mobile-NJv8Am4jI_tWNyFmykJdNw==/base.apk!classes3.dex): ok
07-17 16:35:22.453 D/jni_lib_merge(16325): Entering merged library JNI_OnLoad.
07-17 16:35:22.453 D/jni_lib_merge(16325): Preparing 12 pre-merged libs (including stub)
07-17 16:35:22.453 D/jni_lib_merge(16325): Preparing to register libfabricjni_so.  onload_func: 0x6e14f5bb00
07-17 16:35:22.453 D/jni_lib_merge(16325): Preparing to register libreact_devsupportjni_so.  onload_func: 0x6e1502f444
07-17 16:35:22.453 D/jni_lib_merge(16325): Preparing to register libreact_featureflagsjni_so.  onload_func: 0x6e1504aef8
07-17 16:35:22.453 D/jni_lib_merge(16325): Preparing to register libreact_newarchdefaults_so.  onload_func: 0x6e1508d268
07-17 16:35:22.453 D/jni_lib_merge(16325): Preparing to register libreactnativeblob_so.  onload_func: 0x6e15167af8
07-17 16:35:22.453 D/jni_lib_merge(16325): Preparing to register libreactnativejni_so.  onload_func: 0x6e15173b5c
07-17 16:35:22.453 D/jni_lib_merge(16325): Preparing to register libreactnativejni_common_so.  onload_func: 0x6e15176a20
07-17 16:35:22.453 D/jni_lib_merge(16325): Preparing to register librninstance_so.  onload_func: 0x6e1519be44
07-17 16:35:22.453 D/jni_lib_merge(16325): Preparing to register libturbomodulejsijni_so.  onload_func: 0x6e1523fe4c
07-17 16:35:22.453 D/jni_lib_merge(16325): Preparing to register libuimanagerjni_so.  onload_func: 0x6e15246864
07-17 16:35:22.453 D/jni_lib_merge(16325): Preparing to register libyoga_so.  onload_func: 0x6e1524de28
07-17 16:35:22.453 D/jni_lib_merge(16325): About to register 11 actual methods.
07-17 16:35:22.454 I/pixel-thermal(23449): VIRTUAL-SKIN:23.1676 raw data: VIRTUAL-SKIN:23167.6 
07-17 16:35:22.455 D/nativeloader(16325): Load /data/app/~~6UCibP_LI_1AeV4HiqS6Gg==/com.metalp3.mobile-NJv8Am4jI_tWNyFmykJdNw==/base.apk!/lib/arm64-v8a/libreact_codegen_rnscreens.so using class loader ns clns-9 (caller=/data/app/~~6UCibP_LI_1AeV4HiqS6Gg==/com.metalp3.mobile-NJv8Am4jI_tWNyFmykJdNw==/base.apk!classes3.dex): ok
07-17 16:35:22.455 D/jni_lib_merge(16325): Entering merged library JNI_OnLoad.
07-17 16:35:22.455 D/jni_lib_merge(16325): Preparing 12 pre-merged libs (including stub)
07-17 16:35:22.455 D/jni_lib_merge(16325): Preparing to register libfabricjni_so.  onload_func: 0x6e14f5bb00
07-17 16:35:22.455 D/jni_lib_merge(16325): Preparing to register libreact_devsupportjni_so.  onload_func: 0x6e1502f444
07-17 16:35:22.455 D/jni_lib_merge(16325): Preparing to register libreact_featureflagsjni_so.  onload_func: 0x6e1504aef8
07-17 16:35:22.455 D/jni_lib_merge(16325): Preparing to register libreact_newarchdefaults_so.  onload_func: 0x6e1508d268
07-17 16:35:22.455 D/jni_lib_merge(16325): Preparing to register libreactnativeblob_so.  onload_func: 0x6e15167af8
07-17 16:35:22.455 D/jni_lib_merge(16325): Preparing to register libreactnativejni_so.  onload_func: 0x6e15173b5c
07-17 16:35:22.455 D/jni_lib_merge(16325): Preparing to register libreactnativejni_common_so.  onload_func: 0x6e15176a20
07-17 16:35:22.455 D/jni_lib_merge(16325): Preparing to register librninstance_so.  onload_func: 0x6e1519be44
07-17 16:35:22.455 D/jni_lib_merge(16325): Preparing to register libturbomodulejsijni_so.  onload_func: 0x6e1523fe4c
07-17 16:35:22.455 D/jni_lib_merge(16325): Preparing to register libuimanagerjni_so.  onload_func: 0x6e15246864
07-17 16:35:22.456 D/jni_lib_merge(16325): Preparing to register libyoga_so.  onload_func: 0x6e1524de28
07-17 16:35:22.456 D/jni_lib_merge(16325): About to register 11 actual methods.
07-17 16:35:22.457 D/nativeloader(16325): Load /data/app/~~6UCibP_LI_1AeV4HiqS6Gg==/com.metalp3.mobile-NJv8Am4jI_tWNyFmykJdNw==/base.apk!/lib/arm64-v8a/libreact_codegen_rnsvg.so using class loader ns clns-9 (caller=/data/app/~~6UCibP_LI_1AeV4HiqS6Gg==/com.metalp3.mobile-NJv8Am4jI_tWNyFmykJdNw==/base.apk!classes3.dex): ok
07-17 16:35:22.457 D/jni_lib_merge(16325): Entering merged library JNI_OnLoad.
07-17 16:35:22.457 D/jni_lib_merge(16325): Preparing 12 pre-merged libs (including stub)
07-17 16:35:22.457 D/jni_lib_merge(16325): Preparing to register libfabricjni_so.  onload_func: 0x6e14f5bb00
07-17 16:35:22.457 D/jni_lib_merge(16325): Preparing to register libreact_devsupportjni_so.  onload_func: 0x6e1502f444
07-17 16:35:22.457 D/jni_lib_merge(16325): Preparing to register libreact_featureflagsjni_so.  onload_func: 0x6e1504aef8
07-17 16:35:22.457 D/jni_lib_merge(16325): Preparing to register libreact_newarchdefaults_so.  onload_func: 0x6e1508d268
07-17 16:35:22.457 D/jni_lib_merge(16325): Preparing to register libreactnativeblob_so.  onload_func: 0x6e15167af8
07-17 16:35:22.457 D/jni_lib_merge(16325): Preparing to register libreactnativejni_so.  onload_func: 0x6e15173b5c
07-17 16:35:22.457 D/jni_lib_merge(16325): Preparing to register libreactnativejni_common_so.  onload_func: 0x6e15176a20
07-17 16:35:22.457 D/jni_lib_merge(16325): Preparing to register librninstance_so.  onload_func: 0x6e1519be44
07-17 16:35:22.457 D/jni_lib_merge(16325): Preparing to register libturbomodulejsijni_so.  onload_func: 0x6e1523fe4c
07-17 16:35:22.457 D/jni_lib_merge(16325): Preparing to register libuimanagerjni_so.  onload_func: 0x6e15246864
07-17 16:35:22.457 D/jni_lib_merge(16325): Preparing to register libyoga_so.  onload_func: 0x6e1524de28
07-17 16:35:22.457 D/jni_lib_merge(16325): About to register 11 actual methods.
07-17 16:35:22.458 D/nativeloader(16325): Load /data/app/~~6UCibP_LI_1AeV4HiqS6Gg==/com.metalp3.mobile-NJv8Am4jI_tWNyFmykJdNw==/base.apk!/lib/arm64-v8a/libreact_codegen_safeareacontext.so using class loader ns clns-9 (caller=/data/app/~~6UCibP_LI_1AeV4HiqS6Gg==/com.metalp3.mobile-NJv8Am4jI_tWNyFmykJdNw==/base.apk!classes3.dex): ok
07-17 16:35:22.459 D/nativeloader(16325): Load /data/app/~~6UCibP_LI_1AeV4HiqS6Gg==/com.metalp3.mobile-NJv8Am4jI_tWNyFmykJdNw==/base.apk!/lib/arm64-v8a/libappmodules.so using class loader ns clns-9 (caller=/data/app/~~6UCibP_LI_1AeV4HiqS6Gg==/com.metalp3.mobile-NJv8Am4jI_tWNyFmykJdNw==/base.apk!classes3.dex): ok
07-17 16:35:22.464 D/CorePackageUpdate( 1593): Couldn't find a persistent state for task= 11898
07-17 16:35:22.465 I/DisplayManager(16325): Choreographer implicitly registered for the refresh rate.
07-17 16:35:22.466 D/vulkan  (16325): searching for layers in '/data/app/~~6UCibP_LI_1AeV4HiqS6Gg==/com.metalp3.mobile-NJv8Am4jI_tWNyFmykJdNw==/lib/arm64'
07-17 16:35:22.466 D/vulkan  (16325): searching for layers in '/data/app/~~6UCibP_LI_1AeV4HiqS6Gg==/com.metalp3.mobile-NJv8Am4jI_tWNyFmykJdNw==/base.apk!/lib/arm64-v8a'
07-17 16:35:22.463 W/RenderThread(16325): type=1400 audit(0.0:38127): avc:  denied  { read } for  name="uevent" dev="sysfs" ino=32790 scontext=u:r:untrusted_app_34:s0:c225,c257,c512,c768 tcontext=u:object_r:sysfs:s0 tclass=file permissive=0 bug=b/487491690 app=com.metalp3.mobile
07-17 16:35:22.470 D/DesktopExperienceFlags(16325): Toggle override initialized to: false
07-17 16:35:22.471 D/AppCompatDelegate(16325): Checking for metadata for AppLocalesMetadataHolderService : Service not found
07-17 16:35:22.476 D/CompatChangeReporter(16325): Compat change id reported: 377864165; UID 10481; state: ENABLED
07-17 16:35:22.485 W/unknown:BridgelessReact(16325): ReactHost{0}.startSurface(surfaceId = 0): Schedule
07-17 16:35:22.485 W/unknown:BridgelessReact(16325): ReactHost{0}.attachSurface(surfaceId = 0)
07-17 16:35:22.486 W/unknown:BridgelessReact(16325): ReactHost{0}.getOrCreateReactInstanceTask()
07-17 16:35:22.486 W/unknown:BridgelessReact(16325): ReactHost{0}.getOrCreateReactInstanceTask(): Start
07-17 16:35:22.486 W/unknown:BridgelessReact(16325): ReactHost{0}.getJSBundleLoader()
07-17 16:35:22.486 W/unknown:BridgelessReact(16325): ReactHost{0}.getOrCreateReactInstanceTask(): Creating BridgelessReactContext
07-17 16:35:22.487 W/WindowOnBackDispatcher(16325): OnBackInvokedCallback is not enabled for the application.
07-17 16:35:22.487 W/WindowOnBackDispatcher(16325): Set 'android:enableOnBackInvokedCallback="true"' in the application manifest.
07-17 16:35:22.487 I/ContentCaptureHelper(16325): Setting logging level to OFF
07-17 16:35:22.487 W/unknown:BridgelessReact(16325): ReactHost{0}.getOrCreateReactInstanceTask(): Creating ReactInstance
07-17 16:35:22.490 W/unknown:BridgelessReact(16325): ReactHost{0}.onHostResume(activity)
07-17 16:35:22.490 W/unknown:BridgelessReact(16325): ReactHost{0}.ReactContext.onHostResume()
07-17 16:35:22.493 D/nativeloader(16325): Load /data/app/~~6UCibP_LI_1AeV4HiqS6Gg==/com.metalp3.mobile-NJv8Am4jI_tWNyFmykJdNw==/base.apk!/lib/arm64-v8a/libhermesvm.so using class loader ns clns-9 (caller=/data/app/~~6UCibP_LI_1AeV4HiqS6Gg==/com.metalp3.mobile-NJv8Am4jI_tWNyFmykJdNw==/base.apk!classes3.dex): ok
07-17 16:35:22.495 W/InputChannel-JNI( 1593): Channel already disposed.
07-17 16:35:22.497 V/RecentTasksController( 2713): Notify recent tasks changed
07-17 16:35:22.497 D/RecentTasksList( 9123): invalidateLoadedTasks - previous requestLoadId: -1
07-17 16:35:22.497 D/VRI[MainActivity](16325): WindowInsets changed: 1080x2410 statusBars:[0,172,0,0] navigationBars:[0,0,0,95] mandatorySystemGestures:[0,204,0,84] 
07-17 16:35:22.497 V/RecentTasksController( 2713): generateList(getRecentTasks)
07-17 16:35:22.497 V/RecentTasksController( 2713): initializeDesksMap - allDeskIds: []
07-17 16:35:22.497 V/RecentTasksController( 2713): Task 11898 is not an active desktop task
07-17 16:35:22.497 V/RecentTasksController( 2713): Added fullscreen task: 11898
07-17 16:35:22.497 V/RecentTasksController( 2713): Task 11853 is not an active desktop task
07-17 16:35:22.497 V/RecentTasksController( 2713): Added fullscreen task: 11853
07-17 16:35:22.497 V/RecentTasksController( 2713): Task 11889 is not an active desktop task
07-17 16:35:22.497 V/RecentTasksController( 2713): Added fullscreen task: 11889
07-17 16:35:22.497 V/RecentTasksController( 2713): generateList - complete
07-17 16:35:22.498 D/WindowOnBackDispatcher(16325): setTopOnBackInvokedCallback (unwrapped): android.view.ViewRootImpl$$ExternalSyntheticLambda14@fd03dfe
07-17 16:35:22.498 D/nativeloader(16325): Load /data/app/~~6UCibP_LI_1AeV4HiqS6Gg==/com.metalp3.mobile-NJv8Am4jI_tWNyFmykJdNw==/base.apk!/lib/arm64-v8a/libhermestooling.so using class loader ns clns-9 (caller=/data/app/~~6UCibP_LI_1AeV4HiqS6Gg==/com.metalp3.mobile-NJv8Am4jI_tWNyFmykJdNw==/base.apk!classes3.dex): ok
07-17 16:35:22.498 D/CoreBackPreview( 1593): Window{ae49279 u0 com.metalp3.mobile/com.metalp3.mobile.MainActivity}: Setting back callback OnBackInvokedCallbackInfo{mCallback=android.window.IOnBackInvokedCallback$Stub$Proxy@334b33b, mPriority=0, mIsAnimationCallback=false, mOverrideBehavior=0}
07-17 16:35:22.498 D/jni_lib_merge(16325): Entering merged library JNI_OnLoad.
07-17 16:35:22.498 D/jni_lib_merge(16325): Preparing 4 pre-merged libs (including stub)
07-17 16:35:22.498 D/jni_lib_merge(16325): Preparing to register libhermes_executor_so.  onload_func: 0x6eb821e6ac
07-17 16:35:22.498 D/jni_lib_merge(16325): Preparing to register libhermesinstancejni_so.  onload_func: 0x6eb8225c94
07-17 16:35:22.498 D/jni_lib_merge(16325): Preparing to register libjsijniprofiler_so.  onload_func: 0x6eb8226480
07-17 16:35:22.498 D/jni_lib_merge(16325): About to register 3 actual methods.
07-17 16:35:22.498 D/PreloadThumbnailUseCase( 9123): Preloading thumbnails for task ids: [[id=11889 windowingMode=1 user=0 lastActiveTime=183543502] null, [id=11853 windowingMode=1 user=0 lastActiveTime=183980260] null, [id=11898 windowingMode=1 user=0 lastActiveTime=184683046] null]
07-17 16:35:22.498 D/WindowManager( 1593): setClientSurface Surface(name=VRI-com.metalp3.mobile/com.metalp3.mobile.MainActivity#14559)/@0x6ae7a58 for ae49279 com.metalp3.mobile/com.metalp3.mobile.MainActivity
07-17 16:35:22.500 I/Surface (16325): Creating surface for consumer unnamed-16325-0 with slotExpansion=1 for 64 slots
07-17 16:35:22.500 I/Surface (16325): Creating surface for consumer VRI[MainActivity]#0(BLAST Consumer)0 with slotExpansion=1 for 64 slots
07-17 16:35:22.513 W/ExpoModulesCore(16325): Props class class expo.modules.ui.textfield.InnerTextFieldProps is not introspectable. Falling back to reflection-based props parsing, which may have performance implications. To fix this, annotate the props class with @OptimizedComposeProps.
07-17 16:35:22.545 W/ExpoModulesCore(16325): Props class class expo.modules.ui.textfield.PlaceholderProps is not introspectable. Falling back to reflection-based props parsing, which may have performance implications. To fix this, annotate the props class with @OptimizedComposeProps.
07-17 16:35:22.547 D/AOC     ( 1305): A3:MSG: controller.cc, 933: SysMem: ipc: C-F1-Ar, cmd ID: 0x00c8, tag: 0xe4, rc: 0
07-17 16:35:22.547 D/AOC     ( 1305): A3:MSG: controller.cc, 933: SysMem: ipc: C-F1-Ar, cmd ID: 0x00c8, tag: 0xe5, rc: 0
07-17 16:35:22.571 I/ExpoModulesCore(16325): ✅ AppContext was initialized
07-17 16:35:22.580 W/unknown:BridgelessReact(16325): ReactHost{0}.getOrCreateReactInstanceTask(): Loading JS Bundle
07-17 16:35:22.581 W/unknown:BridgelessReact(16325): ReactHost{0}.getOrCreateReactInstanceTask(): DevSupportManager.onNewReactContextCreated()
07-17 16:35:22.581 W/unknown:BridgelessReact(16325): ReactHost{0}.startSurface(surfaceId = 0): Execute
07-17 16:35:22.584 I/adbd    ( 1332): adbd service requested 'shell,v2:export ANDROID_LOG_TAGS="''"; exec logcat '-d' '-v' 'time''
07-17 16:35:22.586 W/unknown:BridgelessReact(16325): ReactHost{0}.ReactContext.onHostResume()
07-17 16:35:22.586 W/unknown:BridgelessReact(16325): ReactHost{0}.getOrCreateReactInstanceTask(): Executing ReactInstanceEventListeners
07-17 16:35:22.590 D/nativeloader(16325): Load /data/app/~~6UCibP_LI_1AeV4HiqS6Gg==/com.metalp3.mobile-NJv8Am4jI_tWNyFmykJdNw==/base.apk!/lib/arm64-v8a/libworklets.so using class loader ns clns-9 (caller=/data/app/~~6UCibP_LI_1AeV4HiqS6Gg==/com.metalp3.mobile-NJv8Am4jI_tWNyFmykJdNw==/base.apk!classes3.dex): ok
07-17 16:35:22.592 D/nativeloader(16325): Load /data/app/~~6UCibP_LI_1AeV4HiqS6Gg==/com.metalp3.mobile-NJv8Am4jI_tWNyFmykJdNw==/base.apk!/lib/arm64-v8a/libexpo-modules-core.so using class loader ns clns-9 (caller=/data/app/~~6UCibP_LI_1AeV4HiqS6Gg==/com.metalp3.mobile-NJv8Am4jI_tWNyFmykJdNw==/base.apk!classes3.dex): ok
07-17 16:35:22.592 W/BridgelessReactContext(16325): [WARNING] Bridgeless doesn't support CatalystInstance. Accessing an API that's not part of the new architecture is not encouraged usage.
07-17 16:35:22.596 I/ExpoModulesCore(16325): ✅ JSI interop was installed
07-17 16:35:22.600 I/MediaController(16325): Init 92c55f7 [AndroidXMedia3/1.5.1] [blazer, Pixel 10 Pro, Google, 37]
07-17 16:35:22.603 I/ExpoModulesCore(16325): ✅ Constants were exported
07-17 16:35:22.604 I/ExoPlayerImpl(16325): Init 58d25ce [AndroidXMedia3/1.5.1] [blazer, Pixel 10 Pro, Google, 37]
07-17 16:35:22.607 D/AudioSystem(16325): onNewService: media.audio_policy service obtained 0xb400006f4109b110
07-17 16:35:22.607 D/AudioSystem(16325): getService: IAudioPolicyService retrieved: 0xb400006f4109b110  cached: 0xb400006f4109b110
07-17 16:35:22.612 W/ActivityManager( 1593): Skipping manifest association check for null package. SourceUid: -1, SourcePkg: null, TargetUid: 10481, TargetPkg: com.metalp3.mobile
07-17 16:35:22.612 W/ActivityManager( 1593): Skipping manifest association check for null package. SourceUid: -1, SourcePkg: null, TargetUid: 10481, TargetPkg: com.metalp3.mobile
07-17 16:35:22.613 D/AudioSystem(16325): onNewServiceWithAdapter: media.audio_flinger service obtained 0xb400006ee1069a90
07-17 16:35:22.614 D/AudioFlinger( 1057): onStateChanged: pid:16325  uid:10481  state:unfrozen - no freeze activity
07-17 16:35:22.614 D/AudioSystem(16325): getService: IAudioFlingerService retrieved: 0xb400006f41099770  IAudioFlinger cached: 0xb400006ee1069a90
07-17 16:35:22.615 I/MediaSessionImpl(16325): Init 6d5571 [AndroidXMedia3/1.5.1] [blazer, Pixel 10 Pro, Google, 37]
07-17 16:35:22.616 W/MediaSessionCompat(16325): Couldn't find a unique registered media button receiver in the given context.
07-17 16:35:22.616 I/MediaSessionStack( 1593): addSession to bottom of stack | record: com.metalp3.mobile/androidx.media3.session.id./64 (userId=0)
07-17 16:35:22.618 I/Dtdi    (26918): (REDACTED) [MediaControllerFilter] packageName=%s resolved=%s
07-17 16:35:22.618 I/Dtdi    (26918): (REDACTED) [MediaControllerFilter] packageName=%s resolved=%s
07-17 16:35:22.620 D/MediaSessionService( 1593): onSessionPlaybackStateChanged: record=com.metalp3.mobile/androidx.media3.session.id./64 (userId=0) playbackState=PlaybackState {state=NONE(0), position=0, buffered position=0, speed=0.0, updated=184683201, actions=7339655, custom actions=[], active item id=0, error=null}
07-17 16:35:22.620 I/MediaPlayerList( 2886): sendMediaUpdate: Creating a one item queue for a player with no queue
07-17 16:35:22.620 D/MediaSessionService( 1593): onSessionActiveStateChanged: record=com.metalp3.mobile/androidx.media3.session.id./64 (userId=0) active=true
07-17 16:35:22.620 W/MediaControlGattService( 2886): Feature PLAYER_NAME support: true
07-17 16:35:22.620 W/MediaControlGattService( 2886): Feature MEDIA_STATE support: true
07-17 16:35:22.621 I/PlayerSettingsManager( 2886): activePlayerChanged - current active app uid=10229 isNotFrozen=false
07-17 16:35:22.621 I/PlayerSettingsManager( 2886): activePlayerChanged to com.google.android.youtube
07-17 16:35:22.621 W/libbinder.IPCThreadState( 1593): Sending oneway calls to frozen process.
07-17 16:35:22.622 I/PlayerSettingsManager( 2886): updateRemoteDevice: repeat (STATE_REPEAT_OFF -> STATE_REPEAT_OFF), shuffle (STATE_SHUFFLE_OFF -> STATE_SHUFFLE_OFF)
07-17 16:35:22.622 I/MediaPlayerList( 2886): sendMediaUpdate: Creating a one item queue for a player with no queue
07-17 16:35:22.622 D/MediaSessionService( 1593): setFgsIfSessionIsLinkedToNotification: record=com.metalp3.mobile/androidx.media3.session.id./64 (userId=0)
07-17 16:35:22.622 D/MediaSessionService( 1593): onSessionPlaybackStateChanged: record=com.metalp3.mobile/androidx.media3.session.id./64 (userId=0) playbackState=PlaybackState {state=NONE(0), position=0, buffered position=0, speed=0.0, updated=184683203, actions=7339655, custom actions=[], active item id=0, error=null}
07-17 16:35:22.623 I/Dtdi    (26918): (REDACTED) [MediaControllerFilter] packageName=%s resolved=%s
07-17 16:35:22.623 I/Dtdi    (26918): (REDACTED) [MediaControllerFilter] packageName=%s resolved=%s
07-17 16:35:22.623 I/Dtdi    (26918): (REDACTED) [MediaControllerFilter] packageName=%s resolved=%s
07-17 16:35:22.624 I/MediaPlayerList( 2886): sendMediaUpdate: Creating a one item queue for a player with no queue
07-17 16:35:22.624 W/MediaControlGattService( 2886): Feature PLAYER_NAME support: true
07-17 16:35:22.624 W/MediaControlGattService( 2886): Feature MEDIA_STATE support: true
07-17 16:35:22.629 I/PlayerSettingsManager( 2886): activePlayerChanged - current active app uid=10229 isNotFrozen=false
07-17 16:35:22.629 I/PlayerSettingsManager( 2886): activePlayerChanged to com.google.android.youtube
07-17 16:35:22.629 W/libbinder.IPCThreadState( 1593): Sending oneway calls to frozen process.
07-17 16:35:22.630 I/PlayerSettingsManager( 2886): updateRemoteDevice: repeat (STATE_REPEAT_OFF -> STATE_REPEAT_OFF), shuffle (STATE_SHUFFLE_OFF -> STATE_SHUFFLE_OFF)
07-17 16:35:22.630 I/MediaController(16325): Init 26a0a63 [AndroidXMedia3/1.5.1] [blazer, Pixel 10 Pro, Google, 37]
07-17 16:35:22.630 I/MediaPlayerList( 2886): sendMediaUpdate: Creating a one item queue for a player with no queue
07-17 16:35:22.631 D/MediaSessionService( 1593): onSessionPlaybackStateChanged: record=com.metalp3.mobile/androidx.media3.session.id./64 (userId=0) playbackState=PlaybackState {state=NONE(0), position=0, buffered position=0, speed=0.0, updated=184683213, actions=7339655, custom actions=[], active item id=0, error=null}
07-17 16:35:22.632 W/unknown:ViewManagerPropertyUpdater(16325): Could not find generated setter for class expo.modules.kotlin.views.GroupViewManagerWrapper
07-17 16:35:22.633 W/unknown:ViewManagerPropertyUpdater(16325): Could not find generated setter for class com.facebook.react.uimanager.LayoutShadowNode
07-17 16:35:22.634 W/unknown:ViewManagerPropertyUpdater(16325): Could not find generated setter for class com.swmansion.rnscreens.ScreenContainerViewManager
07-17 16:35:22.635 W/unknown:ViewManagerPropertyUpdater(16325): Could not find generated setter for class com.swmansion.rnscreens.ScreenStackHeaderConfigViewManager
07-17 16:35:22.635 W/unknown:ViewManagerPropertyUpdater(16325): Could not find generated setter for class com.swmansion.rnscreens.ScreenStackHeaderSubviewManager
07-17 16:35:22.636 W/unknown:ViewManagerPropertyUpdater(16325): Could not find generated setter for class com.swmansion.rnscreens.ScreenContentWrapperManager
07-17 16:35:22.637 W/unknown:ViewManagerPropertyUpdater(16325): Could not find generated setter for class com.swmansion.rnscreens.gamma.stack.screen.StackScreenViewManager
07-17 16:35:22.637 W/unknown:ViewManagerPropertyUpdater(16325): Could not find generated setter for class com.swmansion.rnscreens.gamma.tabs.TabsHostViewManager
07-17 16:35:22.638 W/unknown:ViewManagerPropertyUpdater(16325): Could not find generated setter for class com.th3rdwave.safeareacontext.SafeAreaViewManager
07-17 16:35:22.638 W/unknown:ViewManagerPropertyUpdater(16325): Could not find generated setter for class com.th3rdwave.safeareacontext.SafeAreaViewShadowNode
07-17 16:35:22.638 W/unknown:ViewManagerPropertyUpdater(16325): Could not find generated setter for class com.swmansion.rnscreens.ScreenViewManager
07-17 16:35:22.639 W/unknown:ViewManagerPropertyUpdater(16325): Could not find generated setter for class com.th3rdwave.safeareacontext.SafeAreaProviderManager
07-17 16:35:22.639 W/unknown:ViewManagerPropertyUpdater(16325): Could not find generated setter for class com.swmansion.rnscreens.SearchBarManager
07-17 16:35:22.639 W/unknown:ViewManagerPropertyUpdater(16325): Could not find generated setter for class com.swmansion.rnscreens.gamma.stack.host.StackHostViewManager
07-17 16:35:22.639 W/unknown:ViewManagerPropertyUpdater(16325): Could not find generated setter for class com.swmansion.rnscreens.ScreenFooterManager
07-17 16:35:22.639 W/unknown:ViewManagerPropertyUpdater(16325): Could not find generated setter for class com.swmansion.rnscreens.gamma.tabs.TabScreenViewManager
07-17 16:35:22.640 W/unknown:ViewManagerPropertyUpdater(16325): Could not find generated setter for class com.swmansion.rnscreens.ModalScreenViewManager
07-17 16:35:22.640 W/unknown:ViewManagerPropertyUpdater(16325): Could not find generated setter for class com.swmansion.rnscreens.safearea.SafeAreaViewManager
07-17 16:35:22.640 W/unknown:ViewManagerPropertyUpdater(16325): Could not find generated setter for class com.swmansion.rnscreens.safearea.paper.SafeAreaViewShadowNode
